// Jest Snapshot v1, https://goo.gl/fbAQLP

exports[`SearchPage.test.tsx Should show correctly with default values 1`] = `
<div>
  <h1>
    Search
  </h1>
  <hr />
  <div
    class="row"
  >
    <div
      class="col-5"
    >
      <form>
        <input
          autocomplete="off"
          class="form-control"
          name="searchText"
          placeholder="search a hero"
          type="text"
          value=""
        />
        <button
          class="btn btn-primary"
        >
          Search
        </button>
      </form>
    </div>
    <div
      class="col-7"
    >
      <h4>
        Results
      </h4>
      <hr />
      <div
        class="col"
      >
        <div
          class="card"
        >
          <div
            class="row no-gutters"
          >
            <div
              class="col-4"
            >
              <img
                alt="Batman"
                class="card-img"
                src="/assets/heroes/dc-batman.jpg"
              />
            </div>
            <div
              class="col-8"
            >
              <div
                class="card-body"
              >
                <h5
                  class="card-title"
                >
                  Batman
                </h5>
                <div>
                  <p>
                    Bruce Wayne
                  </p>
                </div>
                <p
                  class="card-text"
                >
                  <small
                    class="text-muted"
                  >
                    Detective Comics #27
                  </small>
                </p>
                <a
                  data-discover="true"
                  href="/hero/dc-batman"
                >
                  More...
                </a>
              </div>
            </div>
          </div>
        </div>
      </div>
    </div>
  </div>
</div>
`;
